// Jest Snapshot v1, https://goo.gl/fbAQLP

exports[`should render header correctly 1`] = `
<div>
  <h1>
    Expensify
  </h1>
  <Link
    activeClassName="selected"
    to="/"
  >
    Dashboard
  </Link>
   
  <Link
    activeClassName="is-active"
    to="/create"
  >
    Create
  </Link>
   
</div>
`;
